jessi@LAPTOP-2IKN99UV MINGW64 ~
$ cd Área\ de\ Trabalho/AulasGitHub

jessi@LAPTOP-2IKN99UV MINGW64 ~/Área de Trabalho/AulasGitHub (master)
$ git add Colaboracao.txt
fatal: pathspec 'Colaboracao.txt' did not match any files

jessi@LAPTOP-2IKN99UV MINGW64 ~/Área de Trabalho/AulasGitHub (master)
$ git add AulaColaboracao.txt

jessi@LAPTOP-2IKN99UV MINGW64 ~/Área de Trabalho/AulasGitHub (master)
$ git commit -m "Colaboracao"
[master 2ad917a] Colaboracao
 1 file changed, 2 insertions(+)

jessi@LAPTOP-2IKN99UV MINGW64 ~/Área de Trabalho/AulasGitHub (master)
$ git push origin master
Enumerating objects: 7, done.
Counting objects: 100% (7/7), done.
Delta compression using up to 8 threads
Compressing objects: 100% (4/4), done.
Writing objects: 100% (6/6), 590 bytes | 36.00 KiB/s, done.
Total 6 (delta 0), reused 0 (delta 0), pack-reused 0
To github.com:jpasqueta/AulasGithub.git
   e20c800..2ad917a  master -> master

jessi@LAPTOP-2IKN99UV MINGW64 ~/Área de Trabalho/AulasGitHub (master)
$ git commit -m "Como baixar arquivo do GitHub pra pasta"
On branch master
Changes not staged for commit:
  (use "git add <file>..." to update what will be committed)
  (use "git restore <file>..." to discard changes in working directory)
        modified:   AulaColaboracao.txt

no changes added to commit (use "git add" and/or "git commit -a")

jessi@LAPTOP-2IKN99UV MINGW64 ~/Área de Trabalho/AulasGitHub (master)
$ git add AulaColaboracao.txt

jessi@LAPTOP-2IKN99UV MINGW64 ~/Área de Trabalho/AulasGitHub (master)
$ git commit -m 'Como baixar arquivo do Github pra pasta"
>
> ^C

jessi@LAPTOP-2IKN99UV MINGW64 ~/Área de Trabalho/AulasGitHub (master)
$ git commit -m "Como baixar arquivo do GitHub pra pasta"
[master 33cff15] Como baixar arquivo do GitHub pra pasta
 1 file changed, 3 insertions(+)

jessi@LAPTOP-2IKN99UV MINGW64 ~/Área de Trabalho/AulasGitHub (master)
$ git push origin master
Enumerating objects: 5, done.
Counting objects: 100% (5/5), done.
Delta compression using up to 8 threads
Compressing objects: 100% (3/3), done.
Writing objects: 100% (3/3), 452 bytes | 226.00 KiB/s, done.
Total 3 (delta 0), reused 0 (delta 0), pack-reused 0
To github.com:jpasqueta/AulasGithub.git
   2ad917a..33cff15  master -> master

jessi@LAPTOP-2IKN99UV MINGW64 ~/Área de Trabalho/AulasGitHub (master)
$ git add AulaColaboracao.txt

jessi@LAPTOP-2IKN99UV MINGW64 ~/Área de Trabalho/AulasGitHub (master)
$ git commit -m "Como colaborar no repositorio de outra pessoa"
[master 12102f8] Como colaborar no repositorio de outra pessoa
 1 file changed, 4 insertions(+), 1 deletion(-)

jessi@LAPTOP-2IKN99UV MINGW64 ~/Área de Trabalho/AulasGitHub (master)
$ git push origin master
Enumerating objects: 5, done.
Counting objects: 100% (5/5), done.
Delta compression using up to 8 threads
Compressing objects: 100% (3/3), done.
Writing objects: 100% (3/3), 425 bytes | 425.00 KiB/s, done.
Total 3 (delta 1), reused 0 (delta 0), pack-reused 0
remote: Resolving deltas: 100% (1/1), completed with 1 local object.
To github.com:jpasqueta/AulasGithub.git
   33cff15..12102f8  master -> master

jessi@LAPTOP-2IKN99UV MINGW64 ~/Área de Trabalho/AulasGitHub (master)
$ git add -u

jessi@LAPTOP-2IKN99UV MINGW64 ~/Área de Trabalho/AulasGitHub (master)
$ git commit -m "Iniciar o git bash e enviar pro github"
[master c10ad97] Iniciar o git bash e enviar pro github
 1 file changed, 7 insertions(+)

jessi@LAPTOP-2IKN99UV MINGW64 ~/Área de Trabalho/AulasGitHub (master)
$ git push origin master
Enumerating objects: 5, done.
Counting objects: 100% (5/5), done.
Delta compression using up to 8 threads
Compressing objects: 100% (3/3), done.
Writing objects: 100% (3/3), 453 bytes | 453.00 KiB/s, done.
Total 3 (delta 1), reused 0 (delta 0), pack-reused 0
remote: Resolving deltas: 100% (1/1), completed with 1 local object.
To github.com:jpasqueta/AulasGithub.git
   12102f8..c10ad97  master -> master

jessi@LAPTOP-2IKN99UV MINGW64 ~/Área de Trabalho/AulasGitHub (master)
$ git clone  ^[[200~git@github.com:profthomasvilches/ferramentasdemodelagem.
fatal: could not create work tree dir 'ferramentasdemodelagem.': Invalid argument

jessi@LAPTOP-2IKN99UV MINGW64 ~/Área de Trabalho/AulasGitHub (master)
$ git clone git@github.com:profthomasvilches/ferramentasdemodelagem.git
Cloning into 'ferramentasdemodelagem'...
remote: Enumerating objects: 40, done.
remote: Counting objects: 100% (40/40), done.
remote: Compressing objects: 100% (29/29), done.
remote: Total 40 (delta 6), reused 37 (delta 6), pack-reused 0
Receiving objects: 100% (40/40), 1.07 MiB | 1.52 MiB/s, done.
Resolving deltas: 100% (6/6), done.

jessi@LAPTOP-2IKN99UV MINGW64 ~/Área de Trabalho/AulasGitHub (master)
$ git add -u

jessi@LAPTOP-2IKN99UV MINGW64 ~/Área de Trabalho/AulasGitHub (master)
$ git commit -m "Como colaborar depois do fork"
[master 9df503b] Como colaborar depois do fork
 1 file changed, 16 insertions(+), 1 deletion(-)

jessi@LAPTOP-2IKN99UV MINGW64 ~/Área de Trabalho/AulasGitHub (master)
$ git push origin master
Enumerating objects: 5, done.
Counting objects: 100% (5/5), done.
Delta compression using up to 8 threads
Compressing objects: 100% (3/3), done.
Writing objects: 100% (3/3), 805 bytes | 40.00 KiB/s, done.
Total 3 (delta 0), reused 0 (delta 0), pack-reused 0
To github.com:jpasqueta/AulasGithub.git
   c10ad97..9df503b  master -> master

jessi@LAPTOP-2IKN99UV MINGW64 ~/Área de Trabalho/AulasGitHub (master)
$ git remote -v
origin  git@github.com:jpasqueta/AulasGithub.git (fetch)
origin  git@github.com:jpasqueta/AulasGithub.git (push)

jessi@LAPTOP-2IKN99UV MINGW64 ~/Área de Trabalho/AulasGitHub (master)
$ git remote origin_unesp git@github.com:jpasqueta/ferramentasdemodelagem.git
error: unknown subcommand: `origin_unesp'
usage: git remote [-v | --verbose]
   or: git remote add [-t <branch>] [-m <master>] [-f] [--tags | --no-tags] [--mirror=<fetch|push>] <name> <url>
   or: git remote rename [--[no-]progress] <old> <new>
   or: git remote remove <name>
   or: git remote set-head <name> (-a | --auto | -d | --delete | <branch>)
   or: git remote [-v | --verbose] show [-n] <name>
   or: git remote prune [-n | --dry-run] <name>
   or: git remote [-v | --verbose] update [-p | --prune] [(<group> | <remote>)...]
   or: git remote set-branches [--add] <name> <branch>...
   or: git remote get-url [--push] [--all] <name>
   or: git remote set-url [--push] <name> <newurl> [<oldurl>]
   or: git remote set-url --add <name> <newurl>
   or: git remote set-url --delete <name> <url>

    -v, --verbose         be verbose; must be placed before a subcommand


jessi@LAPTOP-2IKN99UV MINGW64 ~/Área de Trabalho/AulasGitHub (master)
$ git remote add origin_unesp git@github.com:jpasqueta/ferramentasdemodelagem.git

jessi@LAPTOP-2IKN99UV MINGW64 ~/Área de Trabalho/AulasGitHub (master)
$ git pull origin_unesp
remote: Enumerating objects: 44, done.
remote: Counting objects: 100% (44/44), done.
remote: Compressing objects: 100% (31/31), done.
remote: Total 44 (delta 7), reused 40 (delta 6), pack-reused 0
Unpacking objects: 100% (44/44), 1.07 MiB | 1.29 MiB/s, done.
From github.com:jpasqueta/ferramentasdemodelagem
 * [new branch]      main       -> origin_unesp/main
You asked to pull from the remote 'origin_unesp', but did not specify
a branch. Because this is not the default configured remote
for your current branch, you must specify a branch on the command line.

